@polkadot/types-create has multiple versions, ensure that there is only one installed.
Either remove and explicitly install matching versions or dedupe using your package manager.
The following conflicting packages were found:
	cjs 16.5.6	node_modules/@polkadot/types/node_modules/@polkadot/types-create/cjs
	cjs 16.5.6	node_modules/@polkadot/types-known/node_modules/@polkadot/types-create/cjs
@polkadot/rpc-augment has multiple versions, ensure that there is only one installed.
Either remove and explicitly install matching versions or dedupe using your package manager.
The following conflicting packages were found:
	cjs 16.5.6	node_modules/@acala-network/chopsticks/node_modules/@polkadot/rpc-augment/cjs
	cjs 16.5.6	node_modules/@polkadot/api-augment/node_modules/@polkadot/rpc-augment/cjs
[18:29:43.495] INFO: Kusama Asset Hub RPC listening on http://[::]:8013 and ws://[::]:8013
    app: "chopsticks"
[18:29:55.595] INFO (block-builder): Kusama Asset Hub building #22,276,770
    app: "chopsticks"
    number: 22276770
    extrinsics: []
    umpCount: 0
[18:30:38.256] INFO (block-builder): Kusama Asset Hub new head #22,276,770
    app: "chopsticks"
    number: 22276770
    hash: "0x5d3dbbf986f01763801f486be558bff2fd6dcf9af5fb1b8ff56ab8f53cbe7fff"
    extrinsics: []
    pendingExtrinsics: []
    ump: {}
[18:30:39.941] INFO (block-builder): Kusama Asset Hub building #22,276,771
    app: "chopsticks"
    number: 22276771
    extrinsics: [
      "0xe9018400d43593c715fdd31c61141abd…005d0d01185e035c060000010a000000"
    ]
    umpCount: 0
[18:30:49.875] INFO (block-builder): Kusama Asset Hub new head #22,276,771
    app: "chopsticks"
    number: 22276771
    hash: "0x64f9c0efb13411475957d3aa662159f34a43246ffd670636141b454a21f9d085"
    extrinsics: [
      "0xe9018400d43593c715fdd31c61141abd…005d0d01185e035c060000010a000000"
    ]
    pendingExtrinsics: []
    ump: {}
[18:30:50.400] INFO (block-builder): Kusama Asset Hub building #22,276,772
    app: "chopsticks"
    number: 22276772
    extrinsics: [
      "0xbd018400d43593c715fdd31c61141abd…2f52d7813400040000005c019c020000"
    ]
    umpCount: 0
[18:30:59.856] INFO (block-builder): Kusama Asset Hub new head #22,276,772
    app: "chopsticks"
    number: 22276772
    hash: "0x0c71b28094cf6647e154a56faaf09f7ec36b27134a180075aa1a97a59dc88dab"
    extrinsics: [
      "0xbd018400d43593c715fdd31c61141abd…2f52d7813400040000005c019c020000"
    ]
    pendingExtrinsics: []
    ump: {}
[18:31:00.026] INFO (block-builder): Kusama Asset Hub building #22,276,773
    app: "chopsticks"
    number: 22276773
    extrinsics: []
    umpCount: 0
[18:31:10.102] INFO (block-builder): Kusama Asset Hub new head #22,276,773
    app: "chopsticks"
    number: 22276773
    hash: "0x3dbe7e447fdab4d4e461a0df65e8b1460b4bea77759f4623bee1643cefeba1cc"
    extrinsics: []
    pendingExtrinsics: []
    ump: {}
[18:31:14.161] INFO (block-builder): Kusama Asset Hub building #22,276,774
    app: "chopsticks"
    number: 22276774
    extrinsics: [
      "0xfd018400d43593c715fdd31c61141abd…0000dcce86b42ad00000000000000000"
    ]
    umpCount: 0
[18:31:24.374] INFO (block-builder): Kusama Asset Hub new head #22,276,774
    app: "chopsticks"
    number: 22276774
    hash: "0xe7b701e1ffa2b2179c0aa0a68cb0ad493effb29f75a394c6eb45bf1c0ace1375"
    extrinsics: [
      "0xfd018400d43593c715fdd31c61141abd…0000dcce86b42ad00000000000000000"
    ]
    pendingExtrinsics: []
    ump: {}
[18:31:24.531] INFO (block-builder): Kusama Asset Hub building #22,276,775
    app: "chopsticks"
    number: 22276775
    extrinsics: []
    umpCount: 0
[18:31:33.820] INFO (block-builder): Kusama Asset Hub new head #22,276,775
    app: "chopsticks"
    number: 22276775
    hash: "0x884389bf25580f7d427467e284215fab335ef6760cc3e5e89d050d5598df7b03"
    extrinsics: []
    pendingExtrinsics: []
    ump: {}
[18:31:33.981] INFO (block-builder): Kusama Asset Hub building #22,276,776
    app: "chopsticks"
    number: 22276776
    extrinsics: []
    umpCount: 0
[18:31:43.965] INFO (block-builder): Kusama Asset Hub new head #22,276,776
    app: "chopsticks"
    number: 22276776
    hash: "0xbb92cb08312be3d614b4f0b5e4fba60142eea4b88ca1672d738d67919e9d5e45"
    extrinsics: []
    pendingExtrinsics: []
    ump: {}
[18:31:44.126] INFO (block-builder): Kusama Asset Hub building #22,276,777
    app: "chopsticks"
    number: 22276777
    extrinsics: []
    umpCount: 0
[18:31:53.620] INFO (block-builder): Kusama Asset Hub new head #22,276,777
    app: "chopsticks"
    number: 22276777
    hash: "0x4c3c2d7cce7c854d5bc775c7635e7265a7554d5c885157503a9f70e851670eef"
    extrinsics: []
    pendingExtrinsics: []
    ump: {}
[18:31:53.775] INFO (block-builder): Kusama Asset Hub building #22,276,778
    app: "chopsticks"
    number: 22276778
    extrinsics: []
    umpCount: 0
[18:32:03.267] INFO (block-builder): Kusama Asset Hub new head #22,276,778
    app: "chopsticks"
    number: 22276778
    hash: "0x336b931e7ab655172689caf4f8a81df8dcd0bdc1cb4e129e801d2651019d2997"
    extrinsics: []
    pendingExtrinsics: []
    ump: {}
[18:32:03.439] INFO (block-builder): Kusama Asset Hub building #22,276,779
    app: "chopsticks"
    number: 22276779
    extrinsics: []
    umpCount: 0
[18:32:12.635] INFO (block-builder): Kusama Asset Hub new head #22,276,779
    app: "chopsticks"
    number: 22276779
    hash: "0x92c059ae767218f9e9611b5cebe66606a82dc8ec030fbc46f821347ba243e325"
    extrinsics: []
    pendingExtrinsics: []
    ump: {}
[18:32:12.802] INFO (block-builder): Kusama Asset Hub building #22,276,780
    app: "chopsticks"
    number: 22276780
    extrinsics: []
    umpCount: 0
[18:32:22.153] INFO (block-builder): Kusama Asset Hub new head #22,276,780
    app: "chopsticks"
    number: 22276780
    hash: "0xc05a1582e8102d816450d9e1077866e20bf6fe2f29c327d157c2fb4db7bc4614"
    extrinsics: []
    pendingExtrinsics: []
    ump: {}
[18:32:22.319] INFO (block-builder): Kusama Asset Hub building #22,276,781
    app: "chopsticks"
    number: 22276781
    extrinsics: []
    umpCount: 0
[18:32:31.699] INFO (block-builder): Kusama Asset Hub new head #22,276,781
    app: "chopsticks"
    number: 22276781
    hash: "0x007fd2f3b280b3393a04338130797d4257e1e46da53701be3b719bcfb9f52cf9"
    extrinsics: []
    pendingExtrinsics: []
    ump: {}
[18:32:31.862] INFO (block-builder): Kusama Asset Hub building #22,276,782
    app: "chopsticks"
    number: 22276782
    extrinsics: []
    umpCount: 0
[18:32:41.289] INFO (block-builder): Kusama Asset Hub new head #22,276,782
    app: "chopsticks"
    number: 22276782
    hash: "0x8a76e7e30a14cebd4f04ea9197a241f499d9cfe7d2f59e4e4546feb0e2b50398"
    extrinsics: []
    pendingExtrinsics: []
    ump: {}
[18:32:41.453] INFO (block-builder): Kusama Asset Hub building #22,276,783
    app: "chopsticks"
    number: 22276783
    extrinsics: []
    umpCount: 0
[18:32:50.532] INFO (block-builder): Kusama Asset Hub new head #22,276,783
    app: "chopsticks"
    number: 22276783
    hash: "0x00c0e5dcbff72b54fa23bab68c3e024129756949421d39d751437b7b938ea53c"
    extrinsics: []
    pendingExtrinsics: []
    ump: {}
[18:32:50.685] INFO (block-builder): Kusama Asset Hub building #22,276,784
    app: "chopsticks"
    number: 22276784
    extrinsics: []
    umpCount: 0
[18:32:59.766] INFO (block-builder): Kusama Asset Hub new head #22,276,784
    app: "chopsticks"
    number: 22276784
    hash: "0x2c08b73bae452755806bebbc370c50ff5d0bce876a116b07c67a380a4de2425e"
    extrinsics: []
    pendingExtrinsics: []
    ump: {}
[18:32:59.928] INFO (block-builder): Kusama Asset Hub building #22,276,785
    app: "chopsticks"
    number: 22276785
    extrinsics: []
    umpCount: 0
[18:33:09.255] INFO (block-builder): Kusama Asset Hub new head #22,276,785
    app: "chopsticks"
    number: 22276785
    hash: "0x0f3a01146b189494868d0a8c5a2197d44aa7dd7f056c8e717c168edfc6f25ef5"
    extrinsics: []
    pendingExtrinsics: []
    ump: {}
[18:33:09.420] INFO (block-builder): Kusama Asset Hub building #22,276,786
    app: "chopsticks"
    number: 22276786
    extrinsics: []
    umpCount: 0
[18:33:18.792] INFO (block-builder): Kusama Asset Hub new head #22,276,786
    app: "chopsticks"
    number: 22276786
    hash: "0x2df618ef8f716720d2bfca43887500155b2283ab1963757a163cbfc531d80226"
    extrinsics: []
    pendingExtrinsics: []
    ump: {}
[18:33:18.958] INFO (block-builder): Kusama Asset Hub building #22,276,787
    app: "chopsticks"
    number: 22276787
    extrinsics: []
    umpCount: 0
[18:33:28.303] INFO (block-builder): Kusama Asset Hub new head #22,276,787
    app: "chopsticks"
    number: 22276787
    hash: "0x2ab2a7a0f32a932870f49144a8fa4e369b0200e710e45e54f3c897de56b6a65f"
    extrinsics: []
    pendingExtrinsics: []
    ump: {}
[18:33:28.464] INFO (block-builder): Kusama Asset Hub building #22,276,788
    app: "chopsticks"
    number: 22276788
    extrinsics: []
    umpCount: 0
[18:33:38.314] INFO (block-builder): Kusama Asset Hub new head #22,276,788
    app: "chopsticks"
    number: 22276788
    hash: "0x515b1a5cb79c20311459988d85e34859fe03dedac403efc261e01d1a9a7ab4b8"
    extrinsics: []
    pendingExtrinsics: []
    ump: {}
[18:33:38.476] INFO (block-builder): Kusama Asset Hub building #22,276,789
    app: "chopsticks"
    number: 22276789
    extrinsics: []
    umpCount: 0
[18:33:48.225] INFO (block-builder): Kusama Asset Hub new head #22,276,789
    app: "chopsticks"
    number: 22276789
    hash: "0xeff228a8f1c6eeda8625cf2b7185355a39c0977930aad2ac0254b0df9c341f67"
    extrinsics: []
    pendingExtrinsics: []
    ump: {}
[18:33:48.383] INFO (block-builder): Kusama Asset Hub building #22,276,790
    app: "chopsticks"
    number: 22276790
    extrinsics: []
    umpCount: 0
[18:33:57.606] INFO (block-builder): Kusama Asset Hub new head #22,276,790
    app: "chopsticks"
    number: 22276790
    hash: "0x3eb2df6e3ea94c7815311bf93652e847f1f399404e79f4e39bcb0c89a8e014ed"
    extrinsics: []
    pendingExtrinsics: []
    ump: {}
[18:33:57.767] INFO (block-builder): Kusama Asset Hub building #22,276,791
    app: "chopsticks"
    number: 22276791
    extrinsics: []
    umpCount: 0
[18:34:06.804] INFO (block-builder): Kusama Asset Hub new head #22,276,791
    app: "chopsticks"
    number: 22276791
    hash: "0xbba3876a9cb1bf37ea5976b6572c8f00c426f01e21f2e6f2b6212c7831fd5d8c"
    extrinsics: []
    pendingExtrinsics: []
    ump: {}
[18:34:06.968] INFO (block-builder): Kusama Asset Hub building #22,276,792
    app: "chopsticks"
    number: 22276792
    extrinsics: []
    umpCount: 0
[18:34:16.149] INFO (block-builder): Kusama Asset Hub new head #22,276,792
    app: "chopsticks"
    number: 22276792
    hash: "0xf0920caa0390f6e7a504330808d868f228673cb3bc20f2513382bc59d81333a0"
    extrinsics: []
    pendingExtrinsics: []
    ump: {}
[18:34:16.307] INFO (block-builder): Kusama Asset Hub building #22,276,793
    app: "chopsticks"
    number: 22276793
    extrinsics: []
    umpCount: 0
[18:34:27.031] INFO (block-builder): Kusama Asset Hub new head #22,276,793
    app: "chopsticks"
    number: 22276793
    hash: "0x15da49b4610fdbbc23ec76142952a3fd0d641f0cc6d1b74856c37b822db9b1a7"
    extrinsics: []
    pendingExtrinsics: []
    ump: {}
[18:34:27.210] INFO (block-builder): Kusama Asset Hub building #22,276,794
    app: "chopsticks"
    number: 22276794
    extrinsics: []
    umpCount: 0
[18:34:37.073] INFO (block-builder): Kusama Asset Hub new head #22,276,794
    app: "chopsticks"
    number: 22276794
    hash: "0x846c8e65b9205c67e504c8c33d78e9e9ce2b3ac2344ff3880ae3ac82deb8c33a"
    extrinsics: []
    pendingExtrinsics: []
    ump: {}
[18:34:37.245] INFO (block-builder): Kusama Asset Hub building #22,276,795
    app: "chopsticks"
    number: 22276795
    extrinsics: []
    umpCount: 0
[18:34:46.457] INFO (block-builder): Kusama Asset Hub new head #22,276,795
    app: "chopsticks"
    number: 22276795
    hash: "0xf604eb0021b73216a8d98eb0068724288e412ac4a967eefbf9b54268c60625b6"
    extrinsics: []
    pendingExtrinsics: []
    ump: {}
[18:34:46.613] INFO (block-builder): Kusama Asset Hub building #22,276,796
    app: "chopsticks"
    number: 22276796
    extrinsics: []
    umpCount: 0
[18:34:55.769] INFO (block-builder): Kusama Asset Hub new head #22,276,796
    app: "chopsticks"
    number: 22276796
    hash: "0x7bc284465afb86fcf470f270779cbd53b58bcd5610ce81bfb9596505d72453be"
    extrinsics: []
    pendingExtrinsics: []
    ump: {}
[18:34:55.931] INFO (block-builder): Kusama Asset Hub building #22,276,797
    app: "chopsticks"
    number: 22276797
    extrinsics: []
    umpCount: 0
[18:35:05.083] INFO (block-builder): Kusama Asset Hub new head #22,276,797
    app: "chopsticks"
    number: 22276797
    hash: "0xd7a083ad4b4868f0cd81f0c682b10a8459a6dbadfeb465dbc0fe24d07895921e"
    extrinsics: []
    pendingExtrinsics: []
    ump: {}
[18:35:05.249] INFO (block-builder): Kusama Asset Hub building #22,276,798
    app: "chopsticks"
    number: 22276798
    extrinsics: []
    umpCount: 0
[18:35:14.394] INFO (block-builder): Kusama Asset Hub new head #22,276,798
    app: "chopsticks"
    number: 22276798
    hash: "0x71320e78ae8d24d4250d752de2c09a53ac8e9faa920f7700810f030a85f57e7d"
    extrinsics: []
    pendingExtrinsics: []
    ump: {}
[18:35:14.584] INFO (block-builder): Kusama Asset Hub building #22,276,799
    app: "chopsticks"
    number: 22276799
    extrinsics: []
    umpCount: 0
[18:35:23.978] INFO (block-builder): Kusama Asset Hub new head #22,276,799
    app: "chopsticks"
    number: 22276799
    hash: "0xda352d7f1e4efd994f7c12984c95d76ee2e310eea30a580840e1593a156749f8"
    extrinsics: []
    pendingExtrinsics: []
    ump: {}
[18:35:24.146] INFO (block-builder): Kusama Asset Hub building #22,276,800
    app: "chopsticks"
    number: 22276800
    extrinsics: []
    umpCount: 0
[18:35:28.683] INFO (block-builder): Kusama Asset Hub new head #22,276,800
    app: "chopsticks"
    number: 22276800
    hash: "0x719061763336d4b481485892fc389f55669827927ee5f737a84d16848ce7b989"
    extrinsics: []
    pendingExtrinsics: []
    ump: {}
[18:35:28.848] INFO (block-builder): Kusama Asset Hub building #22,276,801
    app: "chopsticks"
    number: 22276801
    extrinsics: []
    umpCount: 0
[18:35:37.959] INFO (block-builder): Kusama Asset Hub new head #22,276,801
    app: "chopsticks"
    number: 22276801
    hash: "0xd9227e7f27ad0914b8427743018c3d075c04a0b6a01219b17156990a3007a840"
    extrinsics: []
    pendingExtrinsics: []
    ump: {}
[18:35:38.124] INFO (block-builder): Kusama Asset Hub building #22,276,802
    app: "chopsticks"
    number: 22276802
    extrinsics: []
    umpCount: 0
[18:35:47.560] INFO (block-builder): Kusama Asset Hub new head #22,276,802
    app: "chopsticks"
    number: 22276802
    hash: "0xf8268f786264fc85c226e878ef640a987fc2b0e477fd91592de9b0179fd9e25e"
    extrinsics: []
    pendingExtrinsics: []
    ump: {}
[18:35:47.723] INFO (block-builder): Kusama Asset Hub building #22,276,803
    app: "chopsticks"
    number: 22276803
    extrinsics: []
    umpCount: 0
[18:35:56.968] INFO (block-builder): Kusama Asset Hub new head #22,276,803
    app: "chopsticks"
    number: 22276803
    hash: "0x45735244275e4c93f9e51dfd02e38333f7004d44d84aad5707f1c8d5206ea439"
    extrinsics: []
    pendingExtrinsics: []
    ump: {}
[18:35:57.128] INFO (block-builder): Kusama Asset Hub building #22,276,804
    app: "chopsticks"
    number: 22276804
    extrinsics: []
    umpCount: 0
[18:36:06.375] INFO (block-builder): Kusama Asset Hub new head #22,276,804
    app: "chopsticks"
    number: 22276804
    hash: "0x1f2e72128468c016abaaba7172211a2089d3590d7cdb9c4f642dee6f8fdb2d46"
    extrinsics: []
    pendingExtrinsics: []
    ump: {}
[18:36:06.531] INFO (block-builder): Kusama Asset Hub building #22,276,805
    app: "chopsticks"
    number: 22276805
    extrinsics: []
    umpCount: 0
[18:36:15.733] INFO (block-builder): Kusama Asset Hub new head #22,276,805
    app: "chopsticks"
    number: 22276805
    hash: "0x26077cf09a9b4d23bef0f1cf486c2aa6fdc580bea94ff1a1f6077b23485dd887"
    extrinsics: []
    pendingExtrinsics: []
    ump: {}
[18:36:15.887] INFO (block-builder): Kusama Asset Hub building #22,276,806
    app: "chopsticks"
    number: 22276806
    extrinsics: []
    umpCount: 0
[18:36:25.003] INFO (block-builder): Kusama Asset Hub new head #22,276,806
    app: "chopsticks"
    number: 22276806
    hash: "0xef932dd222f153f666c59ea3cba1aac5e83823aec9c126428dac919cef794d3f"
    extrinsics: []
    pendingExtrinsics: []
    ump: {}
[18:36:25.169] INFO (block-builder): Kusama Asset Hub building #22,276,807
    app: "chopsticks"
    number: 22276807
    extrinsics: []
    umpCount: 0
[18:36:34.353] INFO (block-builder): Kusama Asset Hub new head #22,276,807
    app: "chopsticks"
    number: 22276807
    hash: "0xb00dd52a93428b2a1561e139395e224824e95a8601a640125f8ece2468f7a5c9"
    extrinsics: []
    pendingExtrinsics: []
    ump: {}
[18:36:34.527] INFO (block-builder): Kusama Asset Hub building #22,276,808
    app: "chopsticks"
    number: 22276808
    extrinsics: []
    umpCount: 0
[18:36:43.742] INFO (block-builder): Kusama Asset Hub new head #22,276,808
    app: "chopsticks"
    number: 22276808
    hash: "0xc5d15e3d77d2f79dc8dfa8f7b88407333d975d10d2d14015b5a4c159c084669a"
    extrinsics: []
    pendingExtrinsics: []
    ump: {}
[18:36:43.914] INFO (block-builder): Kusama Asset Hub building #22,276,809
    app: "chopsticks"
    number: 22276809
    extrinsics: []
    umpCount: 0
[18:36:53.217] INFO (block-builder): Kusama Asset Hub new head #22,276,809
    app: "chopsticks"
    number: 22276809
    hash: "0x74a022a15e19dabd92f1fa687b5987231eb2c020923efb3249675a28b35c1ac4"
    extrinsics: []
    pendingExtrinsics: []
    ump: {}
[18:36:53.381] INFO (block-builder): Kusama Asset Hub building #22,276,810
    app: "chopsticks"
    number: 22276810
    extrinsics: []
    umpCount: 0
[18:37:02.501] INFO (block-builder): Kusama Asset Hub new head #22,276,810
    app: "chopsticks"
    number: 22276810
    hash: "0x3f2b2a9024c86adea42f36fba52b99ae87e84ba6fb8d3b446e0788e0cbaba425"
    extrinsics: []
    pendingExtrinsics: []
    ump: {}
[18:37:02.663] INFO (block-builder): Kusama Asset Hub building #22,276,811
    app: "chopsticks"
    number: 22276811
    extrinsics: []
    umpCount: 0
[18:37:11.708] INFO (block-builder): Kusama Asset Hub new head #22,276,811
    app: "chopsticks"
    number: 22276811
    hash: "0x82a64cdb8ccb8ca5f1ee0c8c36c78b9ba0bfd4d86d7a98a83a4738511381d435"
    extrinsics: []
    pendingExtrinsics: []
    ump: {}
[18:37:11.875] INFO (block-builder): Kusama Asset Hub building #22,276,812
    app: "chopsticks"
    number: 22276812
    extrinsics: []
    umpCount: 0
[18:37:20.997] INFO (block-builder): Kusama Asset Hub new head #22,276,812
    app: "chopsticks"
    number: 22276812
    hash: "0x34e85e19c162859526d06d89a7d71b314813195a73a115b8ec0b2a9ef73283fc"
    extrinsics: []
    pendingExtrinsics: []
    ump: {}
[18:37:21.166] INFO (block-builder): Kusama Asset Hub building #22,276,813
    app: "chopsticks"
    number: 22276813
    extrinsics: []
    umpCount: 0
[18:37:30.301] INFO (block-builder): Kusama Asset Hub new head #22,276,813
    app: "chopsticks"
    number: 22276813
    hash: "0xc05339baa74a3de521120349968644c56d371a262e75ca4b1730c7cef9e50cfd"
    extrinsics: []
    pendingExtrinsics: []
    ump: {}
[18:37:30.476] INFO (block-builder): Kusama Asset Hub building #22,276,814
    app: "chopsticks"
    number: 22276814
    extrinsics: []
    umpCount: 0
[18:37:39.572] INFO (block-builder): Kusama Asset Hub new head #22,276,814
    app: "chopsticks"
    number: 22276814
    hash: "0xa8081bf70770a6bede5a62c95557b88a9c9ef7369917ebc66636ccbc3c7c129f"
    extrinsics: []
    pendingExtrinsics: []
    ump: {}
[18:37:39.731] INFO (block-builder): Kusama Asset Hub building #22,276,815
    app: "chopsticks"
    number: 22276815
    extrinsics: []
    umpCount: 0
[18:37:48.779] INFO (block-builder): Kusama Asset Hub new head #22,276,815
    app: "chopsticks"
    number: 22276815
    hash: "0xcd6b7dde19172908e9811fd0cbc92593816ed20ad4cdc56e21b92d213292fc13"
    extrinsics: []
    pendingExtrinsics: []
    ump: {}
[18:37:48.933] INFO (block-builder): Kusama Asset Hub building #22,276,816
    app: "chopsticks"
    number: 22276816
    extrinsics: []
    umpCount: 0
[18:37:58.007] INFO (block-builder): Kusama Asset Hub new head #22,276,816
    app: "chopsticks"
    number: 22276816
    hash: "0xd2a687c34c564e208ac1d085138bae46544f4f334976e247ef7a83bb8275b8c4"
    extrinsics: []
    pendingExtrinsics: []
    ump: {}
[18:37:58.170] INFO (block-builder): Kusama Asset Hub building #22,276,817
    app: "chopsticks"
    number: 22276817
    extrinsics: []
    umpCount: 0
[18:38:07.694] INFO (block-builder): Kusama Asset Hub new head #22,276,817
    app: "chopsticks"
    number: 22276817
    hash: "0x425eb43e72feab6d7667f74c87af5df457d8df810641159e80d755a04b1f82b8"
    extrinsics: []
    pendingExtrinsics: []
    ump: {}
[18:38:07.854] INFO (block-builder): Kusama Asset Hub building #22,276,818
    app: "chopsticks"
    number: 22276818
    extrinsics: []
    umpCount: 0
[18:38:17.173] INFO (block-builder): Kusama Asset Hub new head #22,276,818
    app: "chopsticks"
    number: 22276818
    hash: "0x54c664887509815df2099bdd766e450da4a2856fc09a718e3a6f1efabc1d8bf9"
    extrinsics: []
    pendingExtrinsics: []
    ump: {}
[18:38:17.330] INFO (block-builder): Kusama Asset Hub building #22,276,819
    app: "chopsticks"
    number: 22276819
    extrinsics: []
    umpCount: 0
[18:38:26.482] INFO (block-builder): Kusama Asset Hub new head #22,276,819
    app: "chopsticks"
    number: 22276819
    hash: "0x173d2bb0654e751e1b4c2d0c7553294749de7eaf64f9dae31c4d05d9c74b926b"
    extrinsics: []
    pendingExtrinsics: []
    ump: {}
[18:38:26.643] INFO (block-builder): Kusama Asset Hub building #22,276,820
    app: "chopsticks"
    number: 22276820
    extrinsics: []
    umpCount: 0
[18:38:35.830] INFO (block-builder): Kusama Asset Hub new head #22,276,820
    app: "chopsticks"
    number: 22276820
    hash: "0x9f69ddf62cf17f584fbebdb182a8db4c9f73f2b9e7f282ce565bee36b728cad5"
    extrinsics: []
    pendingExtrinsics: []
    ump: {}
[18:38:35.988] INFO (block-builder): Kusama Asset Hub building #22,276,821
    app: "chopsticks"
    number: 22276821
    extrinsics: []
    umpCount: 0
[18:38:45.055] INFO (block-builder): Kusama Asset Hub new head #22,276,821
    app: "chopsticks"
    number: 22276821
    hash: "0xafd03750f46003f8b5899c4fe1abb35f78c118e2d2226c1454c794898737ce0e"
    extrinsics: []
    pendingExtrinsics: []
    ump: {}
[18:38:45.220] INFO (block-builder): Kusama Asset Hub building #22,276,822
    app: "chopsticks"
    number: 22276822
    extrinsics: []
    umpCount: 0
[18:38:56.060] INFO (block-builder): Kusama Asset Hub new head #22,276,822
    app: "chopsticks"
    number: 22276822
    hash: "0x72a77d5ad9c874bf2df674723e5c980da5f006a0b9b8e2a90e2e662783dd4a9b"
    extrinsics: []
    pendingExtrinsics: []
    ump: {}
[18:38:56.215] INFO (block-builder): Kusama Asset Hub building #22,276,823
    app: "chopsticks"
    number: 22276823
    extrinsics: []
    umpCount: 0
[18:39:05.910] INFO (block-builder): Kusama Asset Hub new head #22,276,823
    app: "chopsticks"
    number: 22276823
    hash: "0xabc64b9c6d1d77138d4205c39bc353768c5d43f7ea5b791e287f1354f8669793"
    extrinsics: []
    pendingExtrinsics: []
    ump: {}
[18:39:06.075] INFO (block-builder): Kusama Asset Hub building #22,276,824
    app: "chopsticks"
    number: 22276824
    extrinsics: []
    umpCount: 0
[18:39:15.768] INFO (block-builder): Kusama Asset Hub new head #22,276,824
    app: "chopsticks"
    number: 22276824
    hash: "0x9651bfbf27934258d35f951786ae124acb5b8164a7da63a9d28ac62c537fe994"
    extrinsics: []
    pendingExtrinsics: []
    ump: {}
[18:39:15.931] INFO (block-builder): Kusama Asset Hub building #22,276,825
    app: "chopsticks"
    number: 22276825
    extrinsics: []
    umpCount: 0
[18:39:25.466] INFO (block-builder): Kusama Asset Hub new head #22,276,825
    app: "chopsticks"
    number: 22276825
    hash: "0x93be1dfb4830b462ed6f49d3c64d68f1205c513a8054cf81e1255669cc64c8f2"
    extrinsics: []
    pendingExtrinsics: []
    ump: {}
[18:39:25.626] INFO (block-builder): Kusama Asset Hub building #22,276,826
    app: "chopsticks"
    number: 22276826
    extrinsics: []
    umpCount: 0
[18:39:35.002] INFO (block-builder): Kusama Asset Hub new head #22,276,826
    app: "chopsticks"
    number: 22276826
    hash: "0xd40de300f6cf6005bd9dae8643e25df04c9c800a50b2ce93601e15739aa4d37b"
    extrinsics: []
    pendingExtrinsics: []
    ump: {}
[18:39:35.166] INFO (block-builder): Kusama Asset Hub building #22,276,827
    app: "chopsticks"
    number: 22276827
    extrinsics: []
    umpCount: 0
[18:39:44.327] INFO (block-builder): Kusama Asset Hub new head #22,276,827
    app: "chopsticks"
    number: 22276827
    hash: "0x4f289146d237467aee50a5e3adcab93fdb1a7e0836458595bec01224ed368471"
    extrinsics: []
    pendingExtrinsics: []
    ump: {}
[18:39:44.490] INFO (block-builder): Kusama Asset Hub building #22,276,828
    app: "chopsticks"
    number: 22276828
    extrinsics: []
    umpCount: 0
[18:39:53.547] INFO (block-builder): Kusama Asset Hub new head #22,276,828
    app: "chopsticks"
    number: 22276828
    hash: "0xb4fcdb4af5ff7d96df84ae229a975dd19ee28cea2995a50cf38a459d093c9b6b"
    extrinsics: []
    pendingExtrinsics: []
    ump: {}
[18:39:53.836] INFO (block-builder): Kusama Asset Hub building #22,276,829
    app: "chopsticks"
    number: 22276829
    extrinsics: []
    umpCount: 0
[18:40:03.004] INFO (block-builder): Kusama Asset Hub new head #22,276,829
    app: "chopsticks"
    number: 22276829
    hash: "0x5b13bda3f50c5cc036287f94ab79a432f0bd6518d1f1adc86bf57ae4b52d709f"
    extrinsics: []
    pendingExtrinsics: []
    ump: {}
[18:40:03.179] INFO (block-builder): Kusama Asset Hub building #22,276,830
    app: "chopsticks"
    number: 22276830
    extrinsics: []
    umpCount: 0
[18:40:12.437] INFO (block-builder): Kusama Asset Hub new head #22,276,830
    app: "chopsticks"
    number: 22276830
    hash: "0xbd36e4dcb925a5dd73b262e2b1794f1899341b021c24e95b4a40b03274abec33"
    extrinsics: []
    pendingExtrinsics: []
    ump: {}
[18:40:12.603] INFO (block-builder): Kusama Asset Hub building #22,276,831
    app: "chopsticks"
    number: 22276831
    extrinsics: []
    umpCount: 0
[18:40:21.651] INFO (block-builder): Kusama Asset Hub new head #22,276,831
    app: "chopsticks"
    number: 22276831
    hash: "0xe56640382ec92523d043838ee9adc019803b0d04c958a409a31b30ecd39ef972"
    extrinsics: []
    pendingExtrinsics: []
    ump: {}
[18:40:21.818] INFO (block-builder): Kusama Asset Hub building #22,276,832
    app: "chopsticks"
    number: 22276832
    extrinsics: []
    umpCount: 0
[18:40:30.916] INFO (block-builder): Kusama Asset Hub new head #22,276,832
    app: "chopsticks"
    number: 22276832
    hash: "0x16ef47185fb188ceb85aa869a864161c4c30884e38e1a374467ffb35b6188119"
    extrinsics: []
    pendingExtrinsics: []
    ump: {}
[18:40:31.079] INFO (block-builder): Kusama Asset Hub building #22,276,833
    app: "chopsticks"
    number: 22276833
    extrinsics: []
    umpCount: 0
[18:40:40.265] INFO (block-builder): Kusama Asset Hub new head #22,276,833
    app: "chopsticks"
    number: 22276833
    hash: "0xf443fd929accc11142eba7f13ebb9eae2ff22a79eb8bc2d03c3d1e67094b760e"
    extrinsics: []
    pendingExtrinsics: []
    ump: {}
[18:40:40.421] INFO (block-builder): Kusama Asset Hub building #22,276,834
    app: "chopsticks"
    number: 22276834
    extrinsics: []
    umpCount: 0
[18:40:49.709] INFO (block-builder): Kusama Asset Hub new head #22,276,834
    app: "chopsticks"
    number: 22276834
    hash: "0x0c9d5968cc798423dc5899bab9a0f077f8ad9ebd20a7cbbbb3f9fdfa7c5686c4"
    extrinsics: []
    pendingExtrinsics: []
    ump: {}
[18:40:49.866] INFO (block-builder): Kusama Asset Hub building #22,276,835
    app: "chopsticks"
    number: 22276835
    extrinsics: []
    umpCount: 0
[18:40:58.960] INFO (block-builder): Kusama Asset Hub new head #22,276,835
    app: "chopsticks"
    number: 22276835
    hash: "0xc1c282b67a8288db439574f4d638c710a62021a0c657119296a9023cf86106c9"
    extrinsics: []
    pendingExtrinsics: []
    ump: {}
[18:40:59.114] INFO (block-builder): Kusama Asset Hub building #22,276,836
    app: "chopsticks"
    number: 22276836
    extrinsics: []
    umpCount: 0
[18:41:08.252] INFO (block-builder): Kusama Asset Hub new head #22,276,836
    app: "chopsticks"
    number: 22276836
    hash: "0x769521fb9efd9456756db7fe4783deddfaf8812073c422874b377f311b052d6f"
    extrinsics: []
    pendingExtrinsics: []
    ump: {}
[18:41:08.408] INFO (block-builder): Kusama Asset Hub building #22,276,837
    app: "chopsticks"
    number: 22276837
    extrinsics: []
    umpCount: 0
[18:41:18.123] INFO (block-builder): Kusama Asset Hub new head #22,276,837
    app: "chopsticks"
    number: 22276837
    hash: "0x7572650f562e27e1a214d76468ce97ff022ee2a41e2bbb78f7cdd0fe5ee6fcfd"
    extrinsics: []
    pendingExtrinsics: []
    ump: {}
[18:41:18.286] INFO (block-builder): Kusama Asset Hub building #22,276,838
    app: "chopsticks"
    number: 22276838
    extrinsics: []
    umpCount: 0
[18:41:28.221] INFO (block-builder): Kusama Asset Hub new head #22,276,838
    app: "chopsticks"
    number: 22276838
    hash: "0x6dd053d40be8121a2f067a40113363c26184e7e8873fde8b6db9342f3abb58fc"
    extrinsics: []
    pendingExtrinsics: []
    ump: {}
[18:41:28.380] INFO (block-builder): Kusama Asset Hub building #22,276,839
    app: "chopsticks"
    number: 22276839
    extrinsics: []
    umpCount: 0
[18:41:38.396] INFO (block-builder): Kusama Asset Hub new head #22,276,839
    app: "chopsticks"
    number: 22276839
    hash: "0x5529722ac3547c927f0e06b113d645b5f1ce9d6cf245bbcfe0f233e37518b932"
    extrinsics: []
    pendingExtrinsics: []
    ump: {}
[18:41:38.552] INFO (block-builder): Kusama Asset Hub building #22,276,840
    app: "chopsticks"
    number: 22276840
    extrinsics: []
    umpCount: 0
[18:41:49.707] INFO (block-builder): Kusama Asset Hub new head #22,276,840
    app: "chopsticks"
    number: 22276840
    hash: "0xa250a658d7fad4636ee572ea7e2909a3c89597a62cf3fd6642da8031c629b6df"
    extrinsics: []
    pendingExtrinsics: []
    ump: {}
[18:41:49.866] INFO (block-builder): Kusama Asset Hub building #22,276,841
    app: "chopsticks"
    number: 22276841
    extrinsics: []
    umpCount: 0
[18:41:59.039] INFO (block-builder): Kusama Asset Hub new head #22,276,841
    app: "chopsticks"
    number: 22276841
    hash: "0xa83cf6cdcf0aad71c831c6ddd9ce8cbe381ef20dd0491c362fe4347f5736c60e"
    extrinsics: []
    pendingExtrinsics: []
    ump: {}
[18:41:59.200] INFO (block-builder): Kusama Asset Hub building #22,276,842
    app: "chopsticks"
    number: 22276842
    extrinsics: []
    umpCount: 0
[18:42:08.322] INFO (block-builder): Kusama Asset Hub new head #22,276,842
    app: "chopsticks"
    number: 22276842
    hash: "0x1eefbf64b23831f9ebb7386a2c631fa48c1b775ada01098bdcaca0a039440040"
    extrinsics: []
    pendingExtrinsics: []
    ump: {}
[18:42:08.491] INFO (block-builder): Kusama Asset Hub building #22,276,843
    app: "chopsticks"
    number: 22276843
    extrinsics: []
    umpCount: 0
[18:42:18.050] INFO (block-builder): Kusama Asset Hub new head #22,276,843
    app: "chopsticks"
    number: 22276843
    hash: "0xedf311b7e12f7ed8e81f139518ab0ce2b94415632b2f8b15893b94bb7d8c283b"
    extrinsics: []
    pendingExtrinsics: []
    ump: {}
[18:42:18.219] INFO (block-builder): Kusama Asset Hub building #22,276,844
    app: "chopsticks"
    number: 22276844
    extrinsics: []
    umpCount: 0
[18:42:27.441] INFO (block-builder): Kusama Asset Hub new head #22,276,844
    app: "chopsticks"
    number: 22276844
    hash: "0xc1fcecd0b7781ef6bc71cb8dc0acb320c4d017b49fe04366dddc6f001d028d7a"
    extrinsics: []
    pendingExtrinsics: []
    ump: {}
[18:42:27.612] INFO (block-builder): Kusama Asset Hub building #22,276,845
    app: "chopsticks"
    number: 22276845
    extrinsics: []
    umpCount: 0
[18:42:37.081] INFO (block-builder): Kusama Asset Hub new head #22,276,845
    app: "chopsticks"
    number: 22276845
    hash: "0x316e2005b673b77cf831b3d0b6740573c0366853bdd75f33038bce1e7c8be08a"
    extrinsics: []
    pendingExtrinsics: []
    ump: {}
[18:42:37.248] INFO (block-builder): Kusama Asset Hub building #22,276,846
    app: "chopsticks"
    number: 22276846
    extrinsics: []
    umpCount: 0
[18:42:46.593] INFO (block-builder): Kusama Asset Hub new head #22,276,846
    app: "chopsticks"
    number: 22276846
    hash: "0xa39ffa775b27c5a4feebbfcc3903b5e10adc2c86914e90cb0575bae4e40984de"
    extrinsics: []
    pendingExtrinsics: []
    ump: {}
[18:42:46.750] INFO (block-builder): Kusama Asset Hub building #22,276,847
    app: "chopsticks"
    number: 22276847
    extrinsics: []
    umpCount: 0
[18:42:55.911] INFO (block-builder): Kusama Asset Hub new head #22,276,847
    app: "chopsticks"
    number: 22276847
    hash: "0xd718d738734ca76942ee63e0f2daab4676528def80dbb274c3503ed87b28a8f6"
    extrinsics: []
    pendingExtrinsics: []
    ump: {}
[18:42:56.077] INFO (block-builder): Kusama Asset Hub building #22,276,848
    app: "chopsticks"
    number: 22276848
    extrinsics: []
    umpCount: 0
[18:43:06.160] INFO (block-builder): Kusama Asset Hub new head #22,276,848
    app: "chopsticks"
    number: 22276848
    hash: "0x146758a2e9afdcd544579fb50815d898db3985ad6e07de517828b55b8ada445b"
    extrinsics: []
    pendingExtrinsics: []
    ump: {}
[18:43:06.326] INFO (block-builder): Kusama Asset Hub building #22,276,849
    app: "chopsticks"
    number: 22276849
    extrinsics: []
    umpCount: 0
[18:43:15.581] INFO (block-builder): Kusama Asset Hub new head #22,276,849
    app: "chopsticks"
    number: 22276849
    hash: "0x3f269a5557514d7d7cde1c6848845dcf68d24ccd9169832cb9f59eda3375a9be"
    extrinsics: []
    pendingExtrinsics: []
    ump: {}
[18:43:15.738] INFO (block-builder): Kusama Asset Hub building #22,276,850
    app: "chopsticks"
    number: 22276850
    extrinsics: []
    umpCount: 0
[18:43:24.926] INFO (block-builder): Kusama Asset Hub new head #22,276,850
    app: "chopsticks"
    number: 22276850
    hash: "0x9731f152f0a208b5c1b1518bf0640f18305966a62ba2bf156fddc95880966f99"
    extrinsics: []
    pendingExtrinsics: []
    ump: {}
[18:43:25.076] INFO (block-builder): Kusama Asset Hub building #22,276,851
    app: "chopsticks"
    number: 22276851
    extrinsics: []
    umpCount: 0
[18:43:34.286] INFO (block-builder): Kusama Asset Hub new head #22,276,851
    app: "chopsticks"
    number: 22276851
    hash: "0x0c4dc48b42eee42ac9b42e8c1fa544987dfbdb726e954c7c5cc6303af1a71a2c"
    extrinsics: []
    pendingExtrinsics: []
    ump: {}
[18:43:34.450] INFO (block-builder): Kusama Asset Hub building #22,276,852
    app: "chopsticks"
    number: 22276852
    extrinsics: []
    umpCount: 0
[18:43:43.517] INFO (block-builder): Kusama Asset Hub new head #22,276,852
    app: "chopsticks"
    number: 22276852
    hash: "0x0dab84e9c37c4822924f65cf3e22e248dc49d35305d0a70564393ac059e4a0a5"
    extrinsics: []
    pendingExtrinsics: []
    ump: {}
[18:43:43.675] INFO (block-builder): Kusama Asset Hub building #22,276,853
    app: "chopsticks"
    number: 22276853
    extrinsics: []
    umpCount: 0
[18:43:52.764] INFO (block-builder): Kusama Asset Hub new head #22,276,853
    app: "chopsticks"
    number: 22276853
    hash: "0x11ae9fb00981af40dff352eb9a0cd4cf4cf9075ad059e3ce7e7b72f88f66419a"
    extrinsics: []
    pendingExtrinsics: []
    ump: {}
[18:43:52.917] INFO (block-builder): Kusama Asset Hub building #22,276,854
    app: "chopsticks"
    number: 22276854
    extrinsics: []
    umpCount: 0
[18:44:02.154] INFO (block-builder): Kusama Asset Hub new head #22,276,854
    app: "chopsticks"
    number: 22276854
    hash: "0xd2a40846beeb79ddbb99553343c0d5377022253422addda864b6a237f31964e9"
    extrinsics: []
    pendingExtrinsics: []
    ump: {}
[18:44:02.314] INFO (block-builder): Kusama Asset Hub building #22,276,855
    app: "chopsticks"
    number: 22276855
    extrinsics: []
    umpCount: 0
[18:44:11.326] INFO (block-builder): Kusama Asset Hub new head #22,276,855
    app: "chopsticks"
    number: 22276855
    hash: "0x068f27b3227fda386c6130b02a7252e4a18f2867a46dedaa699bd7229f2ee659"
    extrinsics: []
    pendingExtrinsics: []
    ump: {}
[18:44:11.489] INFO (block-builder): Kusama Asset Hub building #22,276,856
    app: "chopsticks"
    number: 22276856
    extrinsics: []
    umpCount: 0
[18:44:20.607] INFO (block-builder): Kusama Asset Hub new head #22,276,856
    app: "chopsticks"
    number: 22276856
    hash: "0x9401d1456dd681d42e3f3cc8823b3cf344ec783872cd478167f0fb48d08478ec"
    extrinsics: []
    pendingExtrinsics: []
    ump: {}
[18:44:20.772] INFO (block-builder): Kusama Asset Hub building #22,276,857
    app: "chopsticks"
    number: 22276857
    extrinsics: []
    umpCount: 0
[18:44:29.911] INFO (block-builder): Kusama Asset Hub new head #22,276,857
    app: "chopsticks"
    number: 22276857
    hash: "0x8d66beca5303c5b4b0380e9a024689144560876aaae27ab214089a479371a286"
    extrinsics: []
    pendingExtrinsics: []
    ump: {}
[18:44:30.068] INFO (block-builder): Kusama Asset Hub building #22,276,858
    app: "chopsticks"
    number: 22276858
    extrinsics: []
    umpCount: 0
[18:44:39.358] INFO (block-builder): Kusama Asset Hub new head #22,276,858
    app: "chopsticks"
    number: 22276858
    hash: "0xa9a3f85693d23e03e8caf2d7da3e7a00d8ebb954d9cfa799d59d9e32dc329a5b"
    extrinsics: []
    pendingExtrinsics: []
    ump: {}
[18:44:39.524] INFO (block-builder): Kusama Asset Hub building #22,276,859
    app: "chopsticks"
    number: 22276859
    extrinsics: []
    umpCount: 0
[18:44:48.857] INFO (block-builder): Kusama Asset Hub new head #22,276,859
    app: "chopsticks"
    number: 22276859
    hash: "0x5d077aaa77894c49e70722033ed4fae7266a7c7b2803e29d27f3b531298533e5"
    extrinsics: []
    pendingExtrinsics: []
    ump: {}
[18:44:49.019] INFO (block-builder): Kusama Asset Hub building #22,276,860
    app: "chopsticks"
    number: 22276860
    extrinsics: []
    umpCount: 0
[18:44:58.356] INFO (block-builder): Kusama Asset Hub new head #22,276,860
    app: "chopsticks"
    number: 22276860
    hash: "0x06eab1f352d44088e610dca24ab20155938f9e85fd8322f9b4c52758005b00ce"
    extrinsics: []
    pendingExtrinsics: []
    ump: {}
[18:44:58.517] INFO (block-builder): Kusama Asset Hub building #22,276,861
    app: "chopsticks"
    number: 22276861
    extrinsics: []
    umpCount: 0
[18:45:07.667] INFO (block-builder): Kusama Asset Hub new head #22,276,861
    app: "chopsticks"
    number: 22276861
    hash: "0x1ae87c97e9a02c89e733bea5cbdde0563004b8c5b580d4d34c3d8d9a169764e9"
    extrinsics: []
    pendingExtrinsics: []
    ump: {}
[18:45:07.831] INFO (block-builder): Kusama Asset Hub building #22,276,862
    app: "chopsticks"
    number: 22276862
    extrinsics: []
    umpCount: 0
[18:45:16.990] INFO (block-builder): Kusama Asset Hub new head #22,276,862
    app: "chopsticks"
    number: 22276862
    hash: "0xa9259de854e8445185153caa18fdd070db06bf7145ed0f6bab51844e649ee0ee"
    extrinsics: []
    pendingExtrinsics: []
    ump: {}
[18:45:17.144] INFO (block-builder): Kusama Asset Hub building #22,276,863
    app: "chopsticks"
    number: 22276863
    extrinsics: []
    umpCount: 0
[18:45:26.139] INFO (block-builder): Kusama Asset Hub new head #22,276,863
    app: "chopsticks"
    number: 22276863
    hash: "0x1bfba11177fb30207f8c6c2ed724b3451542c252d4b2c6bbf2fc0862db5b9d2e"
    extrinsics: []
    pendingExtrinsics: []
    ump: {}
[18:45:26.296] INFO (block-builder): Kusama Asset Hub building #22,276,864
    app: "chopsticks"
    number: 22276864
    extrinsics: []
    umpCount: 0
[18:45:35.361] INFO (block-builder): Kusama Asset Hub new head #22,276,864
    app: "chopsticks"
    number: 22276864
    hash: "0x610770e2d6749b9ef93ef307ea145e0a4b9b246092231f14898452e15d4f69cf"
    extrinsics: []
    pendingExtrinsics: []
    ump: {}
[18:45:35.529] INFO (block-builder): Kusama Asset Hub building #22,276,865
    app: "chopsticks"
    number: 22276865
    extrinsics: []
    umpCount: 0
[18:45:44.722] INFO (block-builder): Kusama Asset Hub new head #22,276,865
    app: "chopsticks"
    number: 22276865
    hash: "0x4ca2d7b7fbc996847a08b02168012d8b8d2c1c063849b231f2270f997f334f3a"
    extrinsics: []
    pendingExtrinsics: []
    ump: {}
[18:45:44.876] INFO (block-builder): Kusama Asset Hub building #22,276,866
    app: "chopsticks"
    number: 22276866
    extrinsics: []
    umpCount: 0
[18:45:54.096] INFO (block-builder): Kusama Asset Hub new head #22,276,866
    app: "chopsticks"
    number: 22276866
    hash: "0xbbfcb01fb9aa23b8f9815d827f288bedbf115772692ee0049e35ffcefd77697e"
    extrinsics: []
    pendingExtrinsics: []
    ump: {}
[18:45:54.264] INFO (block-builder): Kusama Asset Hub building #22,276,867
    app: "chopsticks"
    number: 22276867
    extrinsics: []
    umpCount: 0
[18:46:03.304] INFO (block-builder): Kusama Asset Hub new head #22,276,867
    app: "chopsticks"
    number: 22276867
    hash: "0x463bbb46e0ae1c6cc99f36595dfd87085e0e0d32b8e3517eafc83082d0935b18"
    extrinsics: []
    pendingExtrinsics: []
    ump: {}
[18:46:03.472] INFO (block-builder): Kusama Asset Hub building #22,276,868
    app: "chopsticks"
    number: 22276868
    extrinsics: []
    umpCount: 0
[18:46:12.596] INFO (block-builder): Kusama Asset Hub new head #22,276,868
    app: "chopsticks"
    number: 22276868
    hash: "0x2b9fec01c7104e7124561834628c0cfca010cc56e9b1f48115c0a5b97b23b9e6"
    extrinsics: []
    pendingExtrinsics: []
    ump: {}
[18:46:12.755] INFO (block-builder): Kusama Asset Hub building #22,276,869
    app: "chopsticks"
    number: 22276869
    extrinsics: []
    umpCount: 0
[18:46:21.735] INFO (block-builder): Kusama Asset Hub new head #22,276,869
    app: "chopsticks"
    number: 22276869
    hash: "0x558835b5321ba0c6b10b095b594292b9c36d9423a6cbf690fa7a8c8b8c8432fc"
    extrinsics: []
    pendingExtrinsics: []
    ump: {}
[18:46:21.889] INFO (block-builder): Kusama Asset Hub building #22,276,870
    app: "chopsticks"
    number: 22276870
    extrinsics: []
    umpCount: 0
[18:46:32.045] INFO (block-builder): Kusama Asset Hub new head #22,276,870
    app: "chopsticks"
    number: 22276870
    hash: "0x17e4e076887f6fc54aa253a5683aed50294bd21854488d5289a55036f36ce38d"
    extrinsics: []
    pendingExtrinsics: []
    ump: {}
[18:46:32.216] INFO (block-builder): Kusama Asset Hub building #22,276,871
    app: "chopsticks"
    number: 22276871
    extrinsics: []
    umpCount: 0
[18:46:41.181] INFO (block-builder): Kusama Asset Hub new head #22,276,871
    app: "chopsticks"
    number: 22276871
    hash: "0x5b9942a910dbbc0848db1b37b0225c6ea1b8ae5d5201bf1c206d2dfd654604fc"
    extrinsics: []
    pendingExtrinsics: []
    ump: {}
[18:46:41.347] INFO (block-builder): Kusama Asset Hub building #22,276,872
    app: "chopsticks"
    number: 22276872
    extrinsics: []
    umpCount: 0
[18:46:51.255] INFO (block-builder): Kusama Asset Hub new head #22,276,872
    app: "chopsticks"
    number: 22276872
    hash: "0x26d37b22cd805c73044fcdb094c90894d9af49f5c38e9615aa36b93997a9da8f"
    extrinsics: []
    pendingExtrinsics: []
    ump: {}
[18:46:52.811] INFO (block-builder): Kusama Asset Hub building #22,276,873
    app: "chopsticks"
    number: 22276873
    extrinsics: []
    umpCount: 0
[18:47:02.071] INFO (block-builder): Kusama Asset Hub new head #22,276,873
    app: "chopsticks"
    number: 22276873
    hash: "0xcc714713330622ac38425350024e5e36f72bc2db27a4e0ad1e33942336e747e6"
    extrinsics: []
    pendingExtrinsics: []
    ump: {}
[18:47:02.240] INFO (block-builder): Kusama Asset Hub building #22,276,874
    app: "chopsticks"
    number: 22276874
    extrinsics: []
    umpCount: 0
[18:47:11.221] INFO (block-builder): Kusama Asset Hub new head #22,276,874
    app: "chopsticks"
    number: 22276874
    hash: "0x877c74e7776619790aea44ad0de837823fff4807b32fd7cab394ef8be9564c8a"
    extrinsics: []
    pendingExtrinsics: []
    ump: {}
[18:47:11.384] INFO (block-builder): Kusama Asset Hub building #22,276,875
    app: "chopsticks"
    number: 22276875
    extrinsics: []
    umpCount: 0
[18:47:20.394] INFO (block-builder): Kusama Asset Hub new head #22,276,875
    app: "chopsticks"
    number: 22276875
    hash: "0x4a2330ee7e78050bf1dc76fbe4cb14b42d270d62a1f316bf29d79fee394e58b2"
    extrinsics: []
    pendingExtrinsics: []
    ump: {}
[18:47:20.554] INFO (block-builder): Kusama Asset Hub building #22,276,876
    app: "chopsticks"
    number: 22276876
    extrinsics: []
    umpCount: 0
[18:47:29.525] INFO (block-builder): Kusama Asset Hub new head #22,276,876
    app: "chopsticks"
    number: 22276876
    hash: "0x1816a6902f962cada3b635532fce85c911713f2aeb52e608b67e19964a75b942"
    extrinsics: []
    pendingExtrinsics: []
    ump: {}
[18:47:29.717] INFO (block-builder): Kusama Asset Hub building #22,276,877
    app: "chopsticks"
    number: 22276877
    extrinsics: []
    umpCount: 0
[18:47:38.755] INFO (block-builder): Kusama Asset Hub new head #22,276,877
    app: "chopsticks"
    number: 22276877
    hash: "0x42484f8ede32d4f6b427c5c7e5ea305b3962d94817d139b95ebd78f488d795a7"
    extrinsics: []
    pendingExtrinsics: []
    ump: {}
[18:47:38.917] INFO (block-builder): Kusama Asset Hub building #22,276,878
    app: "chopsticks"
    number: 22276878
    extrinsics: []
    umpCount: 0
[18:47:47.964] INFO (block-builder): Kusama Asset Hub new head #22,276,878
    app: "chopsticks"
    number: 22276878
    hash: "0xf172032853436f9ad3f7e709c44a9d719355894dd24646e52a36c728dcad2680"
    extrinsics: []
    pendingExtrinsics: []
    ump: {}
[18:47:48.130] INFO (block-builder): Kusama Asset Hub building #22,276,879
    app: "chopsticks"
    number: 22276879
    extrinsics: []
    umpCount: 0
[18:47:57.404] INFO (block-builder): Kusama Asset Hub new head #22,276,879
    app: "chopsticks"
    number: 22276879
    hash: "0x30ced2d5f5f233fb623afffce6d5785178ae427acbb8dcb6669990dd334839ef"
    extrinsics: []
    pendingExtrinsics: []
    ump: {}
[18:47:57.569] INFO (block-builder): Kusama Asset Hub building #22,276,880
    app: "chopsticks"
    number: 22276880
    extrinsics: []
    umpCount: 0
[18:48:06.589] INFO (block-builder): Kusama Asset Hub new head #22,276,880
    app: "chopsticks"
    number: 22276880
    hash: "0x6db21b58bc2b43f78a59e713ea52972f173a26320a6a4ec3853dc36202ad37d0"
    extrinsics: []
    pendingExtrinsics: []
    ump: {}
[18:48:06.743] INFO (block-builder): Kusama Asset Hub building #22,276,881
    app: "chopsticks"
    number: 22276881
    extrinsics: []
    umpCount: 0
[18:48:15.890] INFO (block-builder): Kusama Asset Hub new head #22,276,881
    app: "chopsticks"
    number: 22276881
    hash: "0x083765eeeae5e2c9fadf80cd50550396ef26becb20236432e414281f92efc6e9"
    extrinsics: []
    pendingExtrinsics: []
    ump: {}
[18:48:16.057] INFO (block-builder): Kusama Asset Hub building #22,276,882
    app: "chopsticks"
    number: 22276882
    extrinsics: []
    umpCount: 0
[18:48:25.100] INFO (block-builder): Kusama Asset Hub new head #22,276,882
    app: "chopsticks"
    number: 22276882
    hash: "0xb60e3a222ac61c9d9a77053d83744496f1ab5d4ce2b54b61a3605b23cc63e8a5"
    extrinsics: []
    pendingExtrinsics: []
    ump: {}
[18:48:25.255] INFO (block-builder): Kusama Asset Hub building #22,276,883
    app: "chopsticks"
    number: 22276883
    extrinsics: []
    umpCount: 0
[18:48:34.233] INFO (block-builder): Kusama Asset Hub new head #22,276,883
    app: "chopsticks"
    number: 22276883
    hash: "0xd6e4c776ae25c92eb45a327661bba119a2ba1a7c33b750ff657ff95df0425df8"
    extrinsics: []
    pendingExtrinsics: []
    ump: {}
[18:48:34.397] INFO (block-builder): Kusama Asset Hub building #22,276,884
    app: "chopsticks"
    number: 22276884
    extrinsics: []
    umpCount: 0
[18:48:43.334] INFO (block-builder): Kusama Asset Hub new head #22,276,884
    app: "chopsticks"
    number: 22276884
    hash: "0xff38af7d510732877a4c077853aad6300650d5c20af13a0c35914f79615e2fbf"
    extrinsics: []
    pendingExtrinsics: []
    ump: {}
[18:48:43.490] INFO (block-builder): Kusama Asset Hub building #22,276,885
    app: "chopsticks"
    number: 22276885
    extrinsics: []
    umpCount: 0
[18:48:53.309] INFO (block-builder): Kusama Asset Hub new head #22,276,885
    app: "chopsticks"
    number: 22276885
    hash: "0x5c674cd35c7064e645e9ffb56bc97e535dbc568394bb4b73609665d2e887f7c0"
    extrinsics: []
    pendingExtrinsics: []
    ump: {}
[18:48:53.468] INFO (block-builder): Kusama Asset Hub building #22,276,886
    app: "chopsticks"
    number: 22276886
    extrinsics: []
    umpCount: 0
[18:49:02.482] INFO (block-builder): Kusama Asset Hub new head #22,276,886
    app: "chopsticks"
    number: 22276886
    hash: "0x23c82539187acd6a77a4f674ef3dc3eb8f4eaea7ebf71aa81926fcc40f6f8b1d"
    extrinsics: []
    pendingExtrinsics: []
    ump: {}
[18:49:02.643] INFO (block-builder): Kusama Asset Hub building #22,276,887
    app: "chopsticks"
    number: 22276887
    extrinsics: []
    umpCount: 0
[18:49:11.787] INFO (block-builder): Kusama Asset Hub new head #22,276,887
    app: "chopsticks"
    number: 22276887
    hash: "0x44e5072628dd2e16fa4aa2985a3046d31e704f954853baa8797f283814760f3b"
    extrinsics: []
    pendingExtrinsics: []
    ump: {}
[18:49:11.943] INFO (block-builder): Kusama Asset Hub building #22,276,888
    app: "chopsticks"
    number: 22276888
    extrinsics: []
    umpCount: 0
[18:49:20.985] INFO (block-builder): Kusama Asset Hub new head #22,276,888
    app: "chopsticks"
    number: 22276888
    hash: "0xb1dbd1c2f832cf8df3b0da2ac50815867c6e4b10171e2ec019e6f05f0f8db6b1"
    extrinsics: []
    pendingExtrinsics: []
    ump: {}
[18:49:21.145] INFO (block-builder): Kusama Asset Hub building #22,276,889
    app: "chopsticks"
    number: 22276889
    extrinsics: []
    umpCount: 0
[18:49:30.335] INFO (block-builder): Kusama Asset Hub new head #22,276,889
    app: "chopsticks"
    number: 22276889
    hash: "0xe36360c75722a7fc0fd0544a89ed07be1fa5d91b9ff56bf710a0a2eedc1f3513"
    extrinsics: []
    pendingExtrinsics: []
    ump: {}
[18:49:30.500] INFO (block-builder): Kusama Asset Hub building #22,276,890
    app: "chopsticks"
    number: 22276890
    extrinsics: []
    umpCount: 0
[18:49:39.481] INFO (block-builder): Kusama Asset Hub new head #22,276,890
    app: "chopsticks"
    number: 22276890
    hash: "0x025d54678a883087d6fac1735e08ae60c675ce973adea23bf891308b91cf5763"
    extrinsics: []
    pendingExtrinsics: []
    ump: {}
[18:49:39.638] INFO (block-builder): Kusama Asset Hub building #22,276,891
    app: "chopsticks"
    number: 22276891
    extrinsics: []
    umpCount: 0
[18:49:48.746] INFO (block-builder): Kusama Asset Hub new head #22,276,891
    app: "chopsticks"
    number: 22276891
    hash: "0x306ff5c95c22499873a64167c01cfc4b13b3e5c64320553b9c7f046c3a66531b"
    extrinsics: []
    pendingExtrinsics: []
    ump: {}
[18:49:48.908] INFO (block-builder): Kusama Asset Hub building #22,276,892
    app: "chopsticks"
    number: 22276892
    extrinsics: []
    umpCount: 0
[18:49:58.029] INFO (block-builder): Kusama Asset Hub new head #22,276,892
    app: "chopsticks"
    number: 22276892
    hash: "0x7da6b6e09e3ff45e998b0128a785f7223e2fe555d3be5966449b19bb71380c04"
    extrinsics: []
    pendingExtrinsics: []
    ump: {}
[18:49:58.204] INFO (block-builder): Kusama Asset Hub building #22,276,893
    app: "chopsticks"
    number: 22276893
    extrinsics: []
    umpCount: 0
[18:50:08.475] INFO (block-builder): Kusama Asset Hub new head #22,276,893
    app: "chopsticks"
    number: 22276893
    hash: "0x74c3d17f656f671d501b1d03c6e66d63ee09f94374168cf22daa86b5550692bd"
    extrinsics: []
    pendingExtrinsics: []
    ump: {}
[18:50:08.642] INFO (block-builder): Kusama Asset Hub building #22,276,894
    app: "chopsticks"
    number: 22276894
    extrinsics: []
    umpCount: 0
[18:50:17.714] INFO (block-builder): Kusama Asset Hub new head #22,276,894
    app: "chopsticks"
    number: 22276894
    hash: "0x19f474da1f62ebe14329c20c2f291011be8a5bc37c5b73669e08310fa36c645b"
    extrinsics: []
    pendingExtrinsics: []
    ump: {}
[18:50:17.871] INFO (block-builder): Kusama Asset Hub building #22,276,895
    app: "chopsticks"
    number: 22276895
    extrinsics: []
    umpCount: 0
[18:50:27.146] INFO (block-builder): Kusama Asset Hub new head #22,276,895
    app: "chopsticks"
    number: 22276895
    hash: "0xfcdf07df6ac86dd3bf64b88dcae8b70763a7986a2ddcb02dd16cb5a539d97316"
    extrinsics: []
    pendingExtrinsics: []
    ump: {}
[18:50:27.305] INFO (block-builder): Kusama Asset Hub building #22,276,896
    app: "chopsticks"
    number: 22276896
    extrinsics: []
    umpCount: 0
[18:50:36.733] INFO (block-builder): Kusama Asset Hub new head #22,276,896
    app: "chopsticks"
    number: 22276896
    hash: "0xf1198934dd95022ed451154240ae86059473e0dcc597d9121f9a973c952fe224"
    extrinsics: []
    pendingExtrinsics: []
    ump: {}
[18:50:36.917] INFO (block-builder): Kusama Asset Hub building #22,276,897
    app: "chopsticks"
    number: 22276897
    extrinsics: []
    umpCount: 0
[18:50:46.298] INFO (block-builder): Kusama Asset Hub new head #22,276,897
    app: "chopsticks"
    number: 22276897
    hash: "0x7a0d17619c6c92f0b504fd2ff701887082f402833d22dc60d971eb8ec13d8f62"
    extrinsics: []
    pendingExtrinsics: []
    ump: {}
